// Vitest Snapshot v1, https://vitest.dev/guide/snapshot.html

exports[`routes > model > getModelsSearch > 200 > ok 1`] = `
{
  "models": [
    {
      "description": "description",
      "id": "test",
      "name": "name",
      "tags": [
        "example_tag",
        "model",
      ],
    },
  ],
}
`;
