// Vitest Snapshot v1, https://vitest.dev/guide/snapshot.html

exports[`routes > entities > getEntitiesLookup > 200 > ok 1`] = `
[
  [
    [
      "user:userdn",
      "user:userdn",
    ],
  ],
]
`;

exports[`routes > entities > getEntitiesLookup > 200 > ok 2`] = `
{
  "entities": [
    {
      "email": "joeb@example.com",
      "name": "Joe Bloggs",
      "organisation": "Acme Corp",
    },
    {
      "email": "janeb@example.com",
      "name": "Jane Bloggs",
      "organisation": "Acme Corp",
    },
  ],
}
`;

exports[`routes > entities > getEntityLookup > 200 > ok 1`] = `
[
  [
    [
      "user:userdn",
      "user:userdn",
    ],
  ],
]
`;

exports[`routes > entities > getEntityLookup > 200 > ok 2`] = `
{
  "entities": [
    {
      "email": "joeb@example.com",
      "name": "Joe Bloggs",
      "organisation": "Acme Corp",
    },
    {
      "email": "janeb@example.com",
      "name": "Jane Bloggs",
      "organisation": "Acme Corp",
    },
  ],
}
`;
