// Vitest Snapshot v1, https://vitest.dev/guide/snapshot.html

exports[`routes > entities > getEntities > 200 > ok 1`] = `
[
  [
    "bob",
  ],
]
`;

exports[`routes > entities > getEntities > 200 > ok 2`] = `
{
  "queryResults": [
    {
      "entities": [
        "user:alice",
      ],
      "kind": "user",
    },
    {
      "entities": [
        "group:alicesGroup",
      ],
      "kind": "group",
    },
  ],
}
`;
