// Vitest Snapshot v1, https://vitest.dev/guide/snapshot.html

exports[`clients > modelScan > getModelScanInfo > success 1`] = `
[
  [
    "undefined://undefined:undefined/info",
    {
      "headers": {
        "Content-Type": "application/json",
      },
      "method": "GET",
    },
  ],
]
`;

exports[`clients > modelScan > scanStream > success 1`] = `
[
  [
    "undefined://undefined:undefined/scan/file",
    {
      "body": FormData {
        Symbol(state): [
          {
            "name": "in_file",
            "value": FileLike {
              Symbol(state): {
                "blobLike": {
                  "size": 0,
                  "stream": [Function],
                  Symbol(Symbol.toStringTag): "File",
                },
                "lastModified": 0,
                "name": "safe_model.h5",
                "type": undefined,
              },
            },
          },
        ],
      },
      "headers": {
        "accept": "application/json",
      },
      "method": "POST",
    },
  ],
]
`;
