// Vitest Snapshot v1, https://vitest.dev/guide/snapshot.html

exports[`clients > modelScan > getModelScanInfo > success 1`] = `
[
  [
    "undefined://undefined:undefined/info",
    {
      "headers": {
        "Content-Type": "application/json",
      },
      "method": "GET",
    },
  ],
]
`;

exports[`clients > modelScan > scanStream > success 1`] = `
[
  [
    "undefined://undefined:undefined/scan/file",
    {
      "body": {
        "append": [MockFunction spy] {
          "calls": [
            [
              "in_file",
              {},
              {
                "contentType": "application/octet-stream",
                "filename": "safe_model.h5",
              },
            ],
          ],
          "results": [
            {
              "type": "return",
              "value": undefined,
            },
          ],
        },
        "getHeaders": [MockFunction spy] {
          "calls": [
            [],
          ],
          "results": [
            {
              "type": "return",
              "value": undefined,
            },
          ],
        },
      },
      "headers": {
        "accept": "application/json",
      },
      "method": "POST",
    },
  ],
]
`;

exports[`clients > modelScan > scanStream > success 2`] = `
[
  [],
]
`;
