// Vitest Snapshot v1, https://vitest.dev/guide/snapshot.html

exports[`routes > model > modelcard > postRequestExport > 200 > ok 1`] = `
{
  "message": "Successfully exported model cards",
}
`;

exports[`routes > model > modelcard > postRequestExport > 400 > no description 1`] = `
{
  "error": {
    "context": {
      "errors": [
        {
          "code": "invalid_type",
          "expected": "boolean",
          "message": "Required",
          "path": [
            "body",
            "disclaimerAgreement",
          ],
          "received": "undefined",
        },
      ],
    },
    "message": "Path: body.disclaimerAgreement - Message: Required",
    "name": "Bailo Error",
  },
}
`;
