// Vitest Snapshot v1, https://vitest.dev/guide/snapshot.html

exports[`routes > model > putModelCardu > 200 > ok 1`] = `
{
  "card": {
    "_id": "67767e11a66dea3e55003da9",
    "id": "67767e11a66dea3e55003da9",
  },
}
`;

exports[`routes > model > putModelCardu > audit > expected call 1`] = `"vespillo"`;

exports[`routes > model > putModelCardu > audit > expected call 2`] = `
{
  "_id": "67767e11a66dea3e55003daa",
}
`;
