// Vitest Snapshot v1, https://vitest.dev/guide/snapshot.html

exports[`routes > model > getModelTransfers > 200 > ok 1`] = `
{
  "transfers": [
    {
      "_id": "699ed901eaa620f4a39631d7",
      "createdAt": "2026-02-25T11:12:01.972Z",
      "createdBy": "bob",
      "modelId": "822ed901eaa620f4a39631d8",
      "status": "in_progress",
      "updatedAt": "2026-02-25T11:12:01.972Z",
    },
    {
      "_id": "799ed901eaa620f4a39631d9",
      "createdAt": "2026-02-26T09:30:00.000Z",
      "createdBy": "alice",
      "modelId": "822ed901eaa620f4a39631d8",
      "status": "completed",
      "updatedAt": "2026-02-26T09:30:00.000Z",
    },
  ],
}
`;
