// Vitest Snapshot v1, https://vitest.dev/guide/snapshot.html

exports[`routes > review > postAccessRequestReviewResponse > audit > expected call 1`] = `{}`;

exports[`routes > review > postAccessRequestReviewResponse > missing review decision 1`] = `
{
  "error": {
    "context": {
      "errors": [
        {
          "code": "invalid_type",
          "expected": "'request_changes' | 'approve' | 'undo'",
          "message": "Required",
          "path": [
            "body",
            "decision",
          ],
          "received": "undefined",
        },
      ],
    },
    "message": "Path: body.decision - Message: Required",
    "name": "Bailo Error",
  },
}
`;

exports[`routes > review > postAccessRequestReviewResponse > successfully respond to a review 1`] = `
{
  "review": {},
}
`;

exports[`routes > review > postAccessRequestReviewResponse > successfully respond to a review without a comment 1`] = `
{
  "review": {},
}
`;
