// Vitest Snapshot v1, https://vitest.dev/guide/snapshot.html

exports[`routes > schema > getSchema > returns the schema with the matching ID 1`] = `
{
  "schema": {
    "active": true,
    "createdAt": "2023-07-28T10:50:00.928Z",
    "description": "This is a description of the schema.",
    "hidden": false,
    "id": "example-model-schema-1",
    "kind": "model",
    "meta": {
      "example": true,
    },
    "name": "Example Schema 1",
    "schema": {
      "Schema field 1": "field 1 info",
    },
    "uiSchema": {
      "UI Schema field 1": "field 1 info",
    },
    "updatedAt": "2023-07-28T10:50:00.928Z",
  },
}
`;

exports[`routes > schema > getSchema > returns the schema with the matching ID 2`] = `
{
  "error": {
    "message": "Schema not found.",
    "name": "Error",
  },
}
`;
