// Vitest Snapshot v1, https://vitest.dev/guide/snapshot.html

exports[`services > accessRequest > getAccessRequestsByModel > good 1`] = `
[
  {
    "_id": "b",
  },
]
`;

exports[`services > accessRequest > getModelAccessRequestsForUser > query as expected 1`] = `
[
  [
    {
      "metadata.overview.entities": {
        "$in": [
          "user:testUser",
        ],
      },
      "modelId": "test-model",
    },
  ],
]
`;
