// Vitest Snapshot v1, https://vitest.dev/guide/snapshot.html

exports[`services > inference > getInferenceByModel > good 1`] = `
[
  {
    "image": "nginx",
    "tag": "latest",
  },
  {
    "image": "yolov4",
    "tag": "latest",
  },
]
`;

exports[`services > release > getModelReleases > good 1`] = `
[
  {
    "modelId": "modelId",
  },
]
`;

exports[`services > release > getModelReleases > good 2`] = `
[
  {
    "updatedAt": -1,
  },
]
`;

exports[`services > release > getModelReleases > good 3`] = `
[
  {
    "as": "model",
    "foreignField": "id",
    "from": "v2_models",
    "localField": "modelId",
  },
]
`;

exports[`services > release > getModelReleases > good 4`] = `
[
  {
    "$set": {
      "model": {
        "$arrayElemAt": [
          "$model",
          0,
        ],
      },
    },
  },
]
`;
