// Vitest Snapshot v1, https://vitest.dev/guide/snapshot.html

exports[`services > release > getModelReleases > good 1`] = `undefined`;

exports[`services > release > getModelReleases > good 2`] = `undefined`;

exports[`services > release > getModelReleases > good 3`] = `undefined`;

exports[`services > release > getModelReleases > good 4`] = `undefined`;
