// Vitest Snapshot v1, https://vitest.dev/guide/snapshot.html

exports[`services > review > checkAccessRequestsApproved > approved access request exists 1`] = `
[
  [
    [
      "access-1",
      "access-2",
    ],
  ],
]
`;

exports[`services > review > checkAccessRequestsApproved > no approved access requests with a required role 1`] = `
[
  [
    [
      "access-1",
      "access-2",
    ],
  ],
]
`;

exports[`services > review > respondToReview > access request successful 1`] = `undefined`;

exports[`services > review > respondToReview > access request successful 2`] = `undefined`;

exports[`services > review > respondToReview > release successful 1`] = `undefined`;

exports[`services > review > respondToReview > release successful 2`] = `undefined`;
