// Vitest Snapshot v1, https://vitest.dev/guide/snapshot.html

exports[`connectors > authentication > oauth > authenticationMiddleware > returns expected middleware 1`] = `
[
  {
    "middleware": [
      {
        "session": "session middleware",
      },
      "grant middleware",
      [Function],
    ],
  },
  {
    "middleware": [
      [Function],
    ],
    "path": "/api/v2",
  },
  {
    "middleware": [
      "Token Middleware",
    ],
    "path": "/api/v2/token",
  },
  {
    "middleware": [
      "Token Middleware",
      "Authentication Check Middleware",
    ],
    "path": "/api/v2",
  },
]
`;

exports[`connectors > authentication > oauth > getRoutes > returns expected routes 1`] = `
[
  Layer {
    "handle": [Function],
    "keys": [],
    "matchers": [
      [Function],
    ],
    "name": "handle",
    "params": undefined,
    "path": undefined,
    "route": Route {
      "methods": {
        "get": true,
      },
      "path": "/api/login",
      "stack": [
        Layer {
          "handle": [Function],
          "keys": [],
          "matchers": [
            [Function],
          ],
          "method": "get",
          "name": "<anonymous>",
          "params": undefined,
          "path": undefined,
          "slash": false,
        },
      ],
    },
    "slash": false,
  },
  Layer {
    "handle": [Function],
    "keys": [],
    "matchers": [
      [Function],
    ],
    "name": "handle",
    "params": undefined,
    "path": undefined,
    "route": Route {
      "methods": {
        "get": true,
      },
      "path": "/api/logout",
      "stack": [
        Layer {
          "handle": [Function],
          "keys": [],
          "matchers": [
            [Function],
          ],
          "method": "get",
          "name": "<anonymous>",
          "params": undefined,
          "path": undefined,
          "slash": false,
        },
      ],
    },
    "slash": false,
  },
]
`;
