// Vitest Snapshot v1, https://vitest.dev/guide/snapshot.html

exports[`connectors > user > silly > queryEntities 1`] = `
[
  {
    "id": "user",
    "kind": "user",
  },
  {
    "id": "user2",
    "kind": "user",
  },
  {
    "id": "group1",
    "kind": "group",
  },
  {
    "id": "group2",
    "kind": "group",
  },
]
`;
