// Vitest Snapshot v1, https://vitest.dev/guide/snapshot.html

exports[`services > smtp > that an email is sent 1`] = `
[
  {
    "from": "\\"Bailo 📝\\" <bailo@example.org>",
    "html": "html",
    "subject": "subject",
    "text": "text",
    "to": "email@email.com",
  },
]
`;

exports[`services > smtp > that sendEmail is called for each member of a group entity 1`] = `
[
  [
    {
      "from": "\\"Bailo 📝\\" <bailo@example.org>",
      "html": "html",
      "subject": "subject",
      "text": "text",
      "to": "email@email.com",
    },
  ],
  [
    {
      "from": "\\"Bailo 📝\\" <bailo@example.org>",
      "html": "html",
      "subject": "subject",
      "text": "text",
      "to": "email@email.com",
    },
  ],
]
`;
