// Vitest Snapshot v1, https://vitest.dev/guide/snapshot.html

exports[`services > parsers > modelParsers > parseModelCard > success 1`] = `
{
  "createdAt": "timestamp",
  "createdBy": "user",
  "modelId": "mirroredModelId",
  "schemaId": "schemaId",
  "updatedAt": "timestamp",
  "version": 2,
}
`;
