// Vitest Snapshot v1, https://vitest.dev/guide/snapshot.html

exports[`routes > file > deleteFile > 200 > ok 1`] = `
{
  "message": "Successfully removed file.",
}
`;

// TODO - need to verify these snapshot changes, might not be right?
exports[`routes > file > deleteFile > audit > expected call 1`] = `
{
  "fileId": "expedita",
  "kind": "byId",
  "modelId": "expedita",
}
`;

// TODO - need to verify these snapshot changes, definitely doesn't look right!
exports[`routes > file > deleteFile > audit > expected call 2`] = `undefined`;
