// Vitest Snapshot v1, https://vitest.dev/guide/snapshot.html

exports[`routes > model > file > postFinishMultipartUpload > 200 > ok 1`] = `
{
  "file": {
    "id": "test",
  },
}
`;

exports[`routes > model > file > postFinishMultipartUpload > 400 > no name 1`] = `
{
  "error": {
    "context": {
      "errors": [
        {
          "code": "invalid_type",
          "expected": "string",
          "message": "Required",
          "path": [
            "body",
            "fileId",
          ],
          "received": "undefined",
        },
      ],
    },
    "message": "Path: body.fileId - Message: Required",
    "name": "Bailo Error",
  },
}
`;

exports[`routes > model > file > postFinishMultipartUpload > audit > expected call 1`] = `"expedita"`;
