// Vitest Snapshot v1, https://vitest.dev/guide/snapshot.html

exports[`services > smtp > templates > releaseReview > that the html is set 1`] = `[]`;

exports[`services > smtp > templates > releaseReview > that the html is set 2`] = `[]`;

exports[`services > smtp > templates > releaseReview > that the subject is set 1`] = `
[
  [
    "
    ROLE: You have been requested to review 'resource' on Bailo
  ",
  ],
]
`;

exports[`services > smtp > templates > releaseReview > that the text is set 1`] = `
[
  [
    "
    You have been requested to review 'releaseName' on Bailo.

    Review Category: 'release'
    Author: 'author'

    Open release: /base/url/model/modelId
    See Reviews: /base/url/review
  ",
  ],
]
`;
