// Vitest Snapshot v1, https://vitest.dev/guide/snapshot.html

exports[`routes > metrics > getModelVolume > 200 > ok 1`] = `
{
  "bucket": "quarter",
  "data": [],
  "endDate": "string",
  "startDate": "string",
}
`;

exports[`routes > metrics > getModelVolume > audit > expected call 1`] = `undefined`;
