// Vitest Snapshot v1, https://vitest.dev/guide/snapshot.html

exports[`connectors > mirroredModel > exporters > BaseExporter > constructor > success with ModelDoc 1`] = `
TestExporter {
  "addData": [Function],
  "getInitialiseTarGzUploadParams": [Function],
  "gzipStream": undefined,
  "initialised": false,
  "logData": {
    "exporterType": "TestExporter",
    "extra": "info",
  },
  "model": {
    "card": {
      "schemaId": "schemaId",
    },
    "id": "modelId",
    "settings": {
      "mirror": {
        "destinationModelId": "destModelId",
      },
    },
  },
  "tarStream": undefined,
  "uploadPromise": undefined,
  "uploadStream": undefined,
  "user": {
    "dn": "userDN",
  },
}
`;
