// Vitest Snapshot v1, https://vitest.dev/guide/snapshot.html

exports[`connectors > mirroredModel > exporters > DocumentsExporter > constructor > sets releases and logData 1`] = `
DocumentsExporter {
  "_init": [Function],
  "addData": [Function],
  "addFilesToTarball": [Function],
  "addModelCardRevisionsToTarball": [Function],
  "addReleaseToTarball": [Function],
  "addReleasesToTarball": [Function],
  "checkReleaseFiles": [Function],
  "files": undefined,
  "getFiles": [Function],
  "getInitialiseTarGzUploadParams": [Function],
  "getReleases": [Function],
  "getSemvers": [Function],
  "gzipStream": undefined,
  "initialised": false,
  "logData": {
    "exportId": "exportId",
    "exporterType": "DocumentsExporter",
    "extra": "info",
  },
  "model": {
    "card": {
      "schemaId": "schemaId",
    },
    "id": "modelId",
    "settings": {
      "mirror": {
        "destinationModelId": "destModelId",
      },
    },
  },
  "releases": [
    {
      "foo": "bar",
    },
  ],
  "tarStream": undefined,
  "uploadPromise": undefined,
  "uploadStream": undefined,
  "user": {
    "dn": "userDN",
  },
}
`;
